{"code":"8436019091142","product":{"_id":"8436019091142","_keywords":["de","auchan","la","soja","natural","gluten","vegetale","vegetal","endulzada","fsc","omg","leche","vegetariano","sin","derivado","origen","uht","bebida","leguminosa","alimento","sustituto"],"added_countries_tags":[],"additives_debug_tags":[],"additives_n":1,"additives_old_n":0,"additives_old_tags":[],"additives_original_tags":["en:e418"],"additives_prev_original_tags":["en:e418"],"additives_tags":["en:e418"],"additives_tags_n":null,"allergens":"en:soybeans","allergens_from_ingredients":"en:soybeans, soja","allergens_from_user":"(es) en:soybeans","allergens_hierarchy":["en:soybeans"],"allergens_lc":"es","allergens_tags":["en:soybeans"],"amino_acids_prev_tags":[],"amino_acids_tags":[],"brands":"Auchan","brands_tags":["auchan"],"categories":"Alimentos y bebidas de origen vegetal, Bebidas, Alimentos de origen vegetal, Leguminosas y derivados, Bebidas de origen vegetal, Sustitutos de la leche, Bebidas vegetales, Leches de leguminosas, Bebidas de soja, Bebidas de soja natural endulzadas","categories_hierarchy":["en:plant-based-foods-and-beverages","en:beverages","en:plant-based-foods","en:legumes-and-their-products","en:plant-based-beverages","en:milk-substitute","en:plant-milks","en:legume-milks","en:soy-milks","en:sweetened-natural-soy-milks"],"categories_lc":"es","categories_old":"Alimentos y bebidas de origen vegetal, Bebidas, Alimentos de origen vegetal, Leguminosas y derivados, Bebidas de origen vegetal, Sustitutos de la leche, Bebidas vegetales, Leches de leguminosas, Bebidas de soja, Bebidas de soja natural endulzadas","categories_properties":{"agribalyse_food_code:en":"18900","ciqual_food_code:en":"18900"},"categories_properties_tags":["all-products","categories-known","agribalyse-food-code-18900","agribalyse-food-code-known","agribalyse-proxy-food-code-unknown","ciqual-food-code-18900","ciqual-food-code-known","agribalyse-known","agribalyse-18900"],"categories_tags":["en:plant-based-foods-and-beverages","en:beverages","en:plant-based-foods","en:legumes-and-their-products","en:plant-based-beverages","en:milk-substitute","en:plant-milks","en:legume-milks","en:soy-milks","en:sweetened-natural-soy-milks"],"category_properties":{"ciqual_food_name:en":"Soy drink, plain","ciqual_food_name:fr":"Boisson au soja, nature"},"checkers_tags":[],"ciqual_food_name_tags":["soy-drink-plain"],"cities_tags":[],"code":"8436019091142","codes_tags":["code-13","8436019091xxx","843601909xxxx","84360190xxxxx","8436019xxxxxx","843601xxxxxxx","84360xxxxxxxx","8436xxxxxxxxx","843xxxxxxxxxx","84xxxxxxxxxxx","8xxxxxxxxxxxx"],"compared_to_category":"en:sweetened-natural-soy-milks","complete":0,"completeness":0.9875,"correctors_tags":["javichu","yuka.Zkp3Q1NhQVBuTnNndWNFNS9CMks0dFJmL0lDeUJEMm5EOFViSVE9PQ","neptuno","teolemon","musarana","tacite-mass-editor","yuka.ZjZrY0RLY3QvL0F6dTlvVit5emM1ZEJvNUppWmJUS3VGYk5JSUE9PQ","kiliweb"],"countries":"en:Spain","countries_hierarchy":["en:spain"],"countries_lc":"en","countries_tags":["en:spain"],"created_t":1394390000,"creator":"javichu","data_quality_bugs_tags":[],"data_quality_errors_tags":[],"data_quality_info_tags":["en:no-packaging-data","en:ingredients-percent-analysis-ok"],"data_quality_tags":["en:no-packaging-data","en:ingredients-percent-analysis-ok","en:ecoscore-origins-of-ingredients-origins-are-100-percent-unknown","en:ecoscore-packaging-packaging-data-missing","en:ecoscore-production-system-no-label"],"data_quality_warnings_tags":["en:ecoscore-origins-of-ingredients-origins-are-100-percent-unknown","en:ecoscore-packaging-packaging-data-missing","en:ecoscore-production-system-no-label"],"data_sources":"App - yuka, Apps","data_sources_tags":["app-yuka","apps"],"debug_param_sorted_langs":["es","fr"],"ecoscore_data":{"adjustments":{"origins_of_ingredients":{"aggregated_origins":[{"origin":"en:unknown","percent":100}],"epi_score":0,"epi_value":-5,"origins_from_origins_field":["en:unknown"],"transportation_scores":{"ad":0,"al":0,"at":0,"ax":0,"ba":0,"be":0,"bg":0,"ch":0,"cy":0,"cz":0,"de":0,"dk":0,"dz":0,"ee":0,"eg":0,"es":0,"fi":0,"fo":0,"fr":0,"gg":0,"gi":0,"gr":0,"hr":0,"hu":0,"ie":0,"il":0,"im":0,"is":0,"it":0,"je":0,"lb":0,"li":0,"lt":0,"lu":0,"lv":0,"ly":0,"ma":0,"mc":0,"md":0,"me":0,"mk":0,"mt":0,"nl":0,"no":0,"pl":0,"ps":0,"pt":0,"ro":0,"rs":0,"se":0,"si":0,"sj":0,"sk":0,"sm":0,"sy":0,"tn":0,"tr":0,"ua":0,"uk":0,"us":0,"va":0,"world":0,"xk":0},"transportation_values":{"ad":0,"al":0,"at":0,"ax":0,"ba":0,"be":0,"bg":0,"ch":0,"cy":0,"cz":0,"de":0,"dk":0,"dz":0,"ee":0,"eg":0,"es":0,"fi":0,"fo":0,"fr":0,"gg":0,"gi":0,"gr":0,"hr":0,"hu":0,"ie":0,"il":0,"im":0,"is":0,"it":0,"je":0,"lb":0,"li":0,"lt":0,"lu":0,"lv":0,"ly":0,"ma":0,"mc":0,"md":0,"me":0,"mk":0,"mt":0,"nl":0,"no":0,"pl":0,"ps":0,"pt":0,"ro":0,"rs":0,"se":0,"si":0,"sj":0,"sk":0,"sm":0,"sy":0,"tn":0,"tr":0,"ua":0,"uk":0,"us":0,"va":0,"world":0,"xk":0},"values":{"ad":-5,"al":-5,"at":-5,"ax":-5,"ba":-5,"be":-5,"bg":-5,"ch":-5,"cy":-5,"cz":-5,"de":-5,"dk":-5,"dz":-5,"ee":-5,"eg":-5,"es":-5,"fi":-5,"fo":-5,"fr":-5,"gg":-5,"gi":-5,"gr":-5,"hr":-5,"hu":-5,"ie":-5,"il":-5,"im":-5,"is":-5,"it":-5,"je":-5,"lb":-5,"li":-5,"lt":-5,"lu":-5,"lv":-5,"ly":-5,"ma":-5,"mc":-5,"md":-5,"me":-5,"mk":-5,"mt":-5,"nl":-5,"no":-5,"pl":-5,"ps":-5,"pt":-5,"ro":-5,"rs":-5,"se":-5,"si":-5,"sj":-5,"sk":-5,"sm":-5,"sy":-5,"tn":-5,"tr":-5,"ua":-5,"uk":-5,"us":-5,"va":-5,"world":-5,"xk":-5},"warning":"origins_are_100_percent_unknown"},"packaging":{"non_recyclable_and_non_biodegradable_materials":1,"value":-15,"warning":"packaging_data_missing"},"production_system":{"labels":[],"value":0,"warning":"no_label"},"threatened_species":{}},"agribalyse":{"agribalyse_food_code":"18900","co2_agriculture":0.090024208,"co2_consumption":0.0047993021,"co2_distribution":0.028932423,"co2_packaging":0.098786634,"co2_processing":0.00033979179,"co2_total":0.41691542,"co2_transportation":0.19403306,"code":"18900","dqr":"2.95","ef_agriculture":0.014107424,"ef_consumption":0.0024293397,"ef_distribution":0.0088128735,"ef_packaging":0.014974093,"ef_processing":0.00034049978,"ef_total":0.055473705,"ef_transportation":0.014809476,"is_beverage":1,"name_en":"Soy drink, plain","name_fr":"Boisson au soja, nature","score":82},"grade":"b","grades":{"ad":"b","al":"b","at":"b","ax":"b","ba":"b","be":"b","bg":"b","ch":"b","cy":"b","cz":"b","de":"b","dk":"b","dz":"b","ee":"b","eg":"b","es":"b","fi":"b","fo":"b","fr":"b","gg":"b","gi":"b","gr":"b","hr":"b","hu":"b","ie":"b","il":"b","im":"b","is":"b","it":"b","je":"b","lb":"b","li":"b","lt":"b","lu":"b","lv":"b","ly":"b","ma":"b","mc":"b","md":"b","me":"b","mk":"b","mt":"b","nl":"b","no":"b","pl":"b","ps":"b","pt":"b","ro":"b","rs":"b","se":"b","si":"b","sj":"b","sk":"b","sm":"b","sy":"b","tn":"b","tr":"b","ua":"b","uk":"b","us":"b","va":"b","world":"b","xk":"b"},"missing":{"labels":1,"origins":1,"packagings":1},"missing_data_warning":1,"missing_key_data":1,"score":62,"scores":{"ad":62,"al":62,"at":62,"ax":62,"ba":62,"be":62,"bg":62,"ch":62,"cy":62,"cz":62,"de":62,"dk":62,"dz":62,"ee":62,"eg":62,"es":62,"fi":62,"fo":62,"fr":62,"gg":62,"gi":62,"gr":62,"hr":62,"hu":62,"ie":62,"il":62,"im":62,"is":62,"it":62,"je":62,"lb":62,"li":62,"lt":62,"lu":62,"lv":62,"ly":62,"ma":62,"mc":62,"md":62,"me":62,"mk":62,"mt":62,"nl":62,"no":62,"pl":62,"ps":62,"pt":62,"ro":62,"rs":62,"se":62,"si":62,"sj":62,"sk":62,"sm":62,"sy":62,"tn":62,"tr":62,"ua":62,"uk":62,"us":62,"va":62,"world":62,"xk":62},"status":"known"},"ecoscore_grade":"b","ecoscore_score":62,"ecoscore_tags":["b"],"editors":["javichu"],"editors_tags":["neptuno","openfoodfacts-contributors","yuka.Zkp3Q1NhQVBuTnNndWNFNS9CMks0dFJmL0lDeUJEMm5EOFViSVE9PQ","musarana","tacite-mass-editor","teolemon","kiliweb","yuka.ZjZrY0RLY3QvL0F6dTlvVit5emM1ZEJvNUppWmJUS3VGYk5JSUE9PQ","javichu"],"emb_codes":"NIF: A-09022252,ES 26.001572/BU EC,FRÍAS NUTRICIÓN S.A.","emb_codes_20141016":"//NIF: A-09022252//,//Nº RGSEAA: 26.001572/BU//,//FABRICANTE Y ENVASADOR://,FRÍAS NUTRICIÓN S.A.,//PERTENECE A://,GRUPO FRÍAS","emb_codes_orig":"NIF: A-09022252,ES 26.001572/BU EC,FRÍAS NUTRICIÓN S.A.","emb_codes_tags":["nif-a-09022252","es-26-001572-bu-ec","frias-nutricion-s-a"],"entry_dates_tags":["2014-03-09","2014-03","2014"],"expiration_date":"28-01-2015","food_groups":"en:plant-based-milk-substitutes","food_groups_tags":["en:beverages","en:plant-based-milk-substitutes"],"fruits-vegetables-nuts_100g_estimate":0,"generic_name":"Bebida de soja","generic_name_es":"Bebida de soja","generic_name_fr":"","id":"8436019091142","image_front_small_url":"https://images.openfoodfacts.org/images/products/843/601/909/1142/front_es.28.200.jpg","image_front_thumb_url":"https://images.openfoodfacts.org/images/products/843/601/909/1142/front_es.28.100.jpg","image_front_url":"https://images.openfoodfacts.org/images/products/843/601/909/1142/front_es.28.400.jpg","image_ingredients_small_url":"https://images.openfoodfacts.org/images/products/843/601/909/1142/ingredients_es.18.200.jpg","image_ingredients_thumb_url":"https://images.openfoodfacts.org/images/products/843/601/909/1142/ingredients_es.18.100.jpg","image_ingredients_url":"https://images.openfoodfacts.org/images/products/843/601/909/1142/ingredients_es.18.400.jpg","image_nutrition_small_url":"https://images.openfoodfacts.org/images/products/843/601/909/1142/nutrition_es.30.200.jpg","image_nutrition_thumb_url":"https://images.openfoodfacts.org/images/products/843/601/909/1142/nutrition_es.30.100.jpg","image_nutrition_url":"https://images.openfoodfacts.org/images/products/843/601/909/1142/nutrition_es.30.400.jpg","image_small_url":"https://images.openfoodfacts.org/images/products/843/601/909/1142/front_es.28.200.jpg","image_thumb_url":"https://images.openfoodfacts.org/images/products/843/601/909/1142/front_es.28.100.jpg","image_url":"https://images.openfoodfacts.org/images/products/843/601/909/1142/front_es.28.400.jpg","images":{"1":{"sizes":{"100":{"h":17,"w":100},"400":{"h":70,"w":400},"full":{"h":106,"w":609}},"uploaded_t":1394390017,"uploader":"javichu"},"2":{"sizes":{"100":{"h":100,"w":71},"400":{"h":400,"w":285},"full":{"h":858,"w":611}},"uploaded_t":1394390021,"uploader":"javichu"},"3":{"sizes":{"100":{"h":100,"w":43},"400":{"h":400,"w":172},"full":{"h":2000,"w":862}},"uploaded_t":1394390027,"uploader":"javichu"},"4":{"sizes":{"100":{"h":100,"w":63},"400":{"h":400,"w":251},"full":{"h":1200,"w":753}},"uploaded_t":1540272067,"uploader":"kiliweb"},"5":{"sizes":{"100":{"h":56,"w":100},"400":{"h":225,"w":400},"full":{"h":1200,"w":2132}},"uploaded_t":1540272068,"uploader":"kiliweb"},"6":{"sizes":{"100":{"h":100,"w":75},"400":{"h":400,"w":300},"full":{"h":1200,"w":899}},"uploaded_t":1587977255,"uploader":"kiliweb"},"7":{"sizes":{"100":{"h":100,"w":75},"400":{"h":400,"w":300},"full":{"h":1200,"w":899}},"uploaded_t":1587977256,"uploader":"kiliweb"},"front":{"geometry":"0x0--5--5","imgid":"3","normalize":null,"rev":"6","sizes":{"100":{"h":100,"w":43},"200":{"h":200,"w":86},"400":{"h":400,"w":172},"full":{"h":2000,"w":862}},"white_magic":null},"front_es":{"angle":0,"geometry":"0x0--1--1","imgid":"6","normalize":null,"rev":"28","sizes":{"100":{"h":100,"w":75},"200":{"h":200,"w":150},"400":{"h":400,"w":300},"full":{"h":1200,"w":899}},"white_magic":null,"x1":"-1","x2":"-1","y1":"-1","y2":"-1"},"front_fr":{"angle":null,"geometry":"0x0-0-0","imgid":"4","normalize":"0","rev":"15","sizes":{"100":{"h":100,"w":63},"200":{"h":200,"w":126},"400":{"h":400,"w":251},"full":{"h":1200,"w":753}},"white_magic":"0","x1":null,"x2":null,"y1":null,"y2":null},"ingredients":{"geometry":"0x0--1--1","imgid":"1","normalize":null,"rev":"7","sizes":{"100":{"h":17,"w":100},"200":{"h":35,"w":200},"400":{"h":70,"w":400},"full":{"h":106,"w":609}},"white_magic":null},"ingredients_es":{"angle":"270","geometry":"1188x544--2-378","imgid":"5","normalize":"false","ocr":1,"orientation":"0","rev":"18","sizes":{"100":{"h":46,"w":100},"200":{"h":92,"w":200},"400":{"h":183,"w":400},"full":{"h":544,"w":1186}},"white_magic":"false","x1":"-0.4999999999999858","x2":"222.5","y1":"71.04998779296875","y2":"173.04998779296875"},"nutrition":{"geometry":"0x0--2--2","imgid":"2","normalize":null,"rev":"8","sizes":{"100":{"h":100,"w":71},"200":{"h":200,"w":142},"400":{"h":400,"w":285},"full":{"h":858,"w":611}},"white_magic":null},"nutrition_es":{"angle":0,"geometry":"0x0--1--1","imgid":"7","normalize":null,"rev":"30","sizes":{"100":{"h":100,"w":75},"200":{"h":200,"w":150},"400":{"h":400,"w":300},"full":{"h":1200,"w":899}},"white_magic":null,"x1":"-1","x2":"-1","y1":"-1","y2":"-1"}},"informers_tags":["javichu","yuka.Zkp3Q1NhQVBuTnNndWNFNS9CMks0dFJmL0lDeUJEMm5EOFViSVE9PQ","openfoodfacts-contributors","neptuno","teolemon","musarana"],"ingredients":[{"id":"en:water","percent_estimate":50,"percent_max":87,"percent_min":13,"rank":1,"text":"Agua","vegan":"yes","vegetarian":"yes"},{"id":"en:soya-bean","percent":13,"percent_estimate":13,"percent_max":13,"percent_min":13,"rank":2,"text":"habas de _soja_","vegan":"yes","vegetarian":"yes"},{"id":"en:fructose","percent_estimate":6.5,"percent_max":13,"percent_min":0,"rank":3,"text":"fructosa","vegan":"yes","vegetarian":"yes"},{"id":"en:e341","percent_estimate":6.5,"percent_max":13,"percent_min":0,"rank":4,"text":"sales cálcicas de ácido ortofosfórico","vegan":"yes","vegetarian":"yes"},{"has_sub_ingredients":"yes","id":"en:emulsifier","percent_estimate":6.5,"percent_max":13,"percent_min":0,"rank":5,"text":"emulgente"},{"id":"en:salt","percent_estimate":6.5,"percent_max":13,"percent_min":0,"rank":6,"text":"sal","vegan":"yes","vegetarian":"yes"},{"id":"en:flavouring","percent_estimate":5.5,"percent_max":13,"percent_min":0,"rank":7,"text":"aroma","vegan":"maybe","vegetarian":"maybe"},{"id":"en:vitamins","percent_estimate":2.75,"percent_max":12.3333333333333,"percent_min":0,"rank":8,"text":"vitaminas","vegan":"yes","vegetarian":"yes"},{"id":"en:vitamin-a","percent_estimate":1.375,"percent_max":10.5714285714286,"percent_min":0,"rank":9,"text":"vitamina A","vegan":"yes","vegetarian":"yes"},{"id":"en:retinyl-acetate","percent_estimate":0.6875,"percent_max":9.25,"percent_min":0,"rank":10,"text":"acetato de retinilo","vegan":"yes","vegetarian":"yes"},{"has_sub_ingredients":"yes","id":"en:vitamin-d","percent_estimate":0.6875,"percent_max":8.22222222222222,"percent_min":0,"rank":11,"text":"vitamina D"},{"id":"en:e418","percent_estimate":6.5,"percent_max":13,"percent_min":0,"text":"goma gellan","vegan":"yes","vegetarian":"yes"},{"id":"en:ergocalciferol","percent_estimate":0.6875,"percent_max":8.22222222222222,"percent_min":0,"text":"ergocalciferol","vegan":"yes","vegetarian":"yes"}],"ingredients_analysis":{"en:vegan-status-unknown":["en:vitamin-d"]},"ingredients_analysis_tags":["en:palm-oil-free","en:vegan-status-unknown","en:vegetarian"],"ingredients_debug":["Agua",",",null,null,null," habas de _soja_ ","(","(",null,null,"13%)",",",null,null,null," fructosa",",",null,null,null," sales cálcicas de ácido ortofosfórico",",",null,null,null," emulgente ","(","(",null,null,"goma gellan)",",",null,null,null," sal",",",null,null,null," aroma y vitaminas A ","(","(",null,null,"acetato de retinilo) y  D ","(","(",null,null,"ergocalciferol)."],"ingredients_from_or_that_may_be_from_palm_oil_n":0,"ingredients_from_palm_oil_n":0,"ingredients_from_palm_oil_tags":[],"ingredients_hierarchy":["en:water","en:soya-bean","en:legume","en:soya","en:fructose","en:added-sugar","en:monosaccharide","en:e341","en:emulsifier","en:salt","en:flavouring","en:vitamins","en:vitamin-a","en:retinyl-acetate","en:vitamin-d","en:e418","en:ergocalciferol"],"ingredients_ids_debug":["agua","habas-de-soja","13","fructosa","sales-calcicas-de-acido-ortofosforico","emulgente","goma-gellan","sal","aroma-y-vitaminas-a","acetato-de-retinilo-y-d","ergocalciferol"],"ingredients_n":13,"ingredients_n_tags":["13","11-20"],"ingredients_original_tags":["en:water","en:soya-bean","en:fructose","en:e341","en:emulsifier","en:salt","en:flavouring","en:vitamins","en:vitamin-a","en:retinyl-acetate","en:vitamin-d","en:e418","en:ergocalciferol"],"ingredients_percent_analysis":1,"ingredients_tags":["en:water","en:soya-bean","en:legume","en:soya","en:fructose","en:added-sugar","en:monosaccharide","en:e341","en:emulsifier","en:salt","en:flavouring","en:vitamins","en:vitamin-a","en:retinyl-acetate","en:vitamin-d","en:e418","en:ergocalciferol"],"ingredients_text":"Agua, habas de _soja_ (13%), fructosa, sales cálcicas de ácido ortofosfórico, emulgente (goma gellan), sal, aroma y vitaminas A (acetato de retinilo) y  D (ergocalciferol).","ingredients_text_debug":"Agua, habas de _soja_ (13%), fructosa, sales cálcicas de ácido ortofosfórico, emulgente (goma gellan), sal, aroma y vitaminas A (acetato de retinilo) y  D (ergocalciferol).","ingredients_text_es":"Agua, habas de _soja_ (13%), fructosa, sales cálcicas de ácido ortofosfórico, emulgente (goma gellan), sal, aroma y vitaminas A (acetato de retinilo) y  D (ergocalciferol).","ingredients_text_fr":"","ingredients_text_with_allergens":"Agua, habas de <span class=\"allergen\">soja</span> (13%), fructosa, sales cálcicas de ácido ortofosfórico, emulgente (goma gellan), sal, aroma y vitaminas A (acetato de retinilo) y  D (ergocalciferol).","ingredients_text_with_allergens_es":"Agua, habas de <span class=\"allergen\">soja</span> (13%), fructosa, sales cálcicas de ácido ortofosfórico, emulgente (goma gellan), sal, aroma y vitaminas A (acetato de retinilo) y  D (ergocalciferol).","ingredients_text_with_allergens_fr":"","ingredients_that_may_be_from_palm_oil_n":0,"ingredients_that_may_be_from_palm_oil_tags":[],"ingredients_with_specified_percent_n":1,"ingredients_with_specified_percent_sum":13,"ingredients_with_unspecified_percent_n":10,"ingredients_with_unspecified_percent_sum":87,"interface_version_created":"20120622","interface_version_modified":"20150316.jqm2","known_ingredients_n":17,"labels":"Vegetariano,FSC,Sin gluten,Sin OMG","labels_hierarchy":["en:vegetarian","en:gluten-free","en:fsc","en:no-gmos"],"labels_lc":"es","labels_tags":["en:vegetarian","en:gluten-free","en:fsc","en:no-gmos"],"lang":"es","languages":{"en:french":1,"en:spanish":6},"languages_codes":{"es":6,"fr":1},"languages_hierarchy":["en:spanish","en:french"],"languages_tags":["en:spanish","en:french","en:2","en:multilingual"],"last_edit_dates_tags":["2020-04-27","2020-04","2020"],"last_editor":"kiliweb","last_image_dates_tags":["2020-04-27","2020-04","2020"],"last_image_t":1587977256,"last_modified_by":"kiliweb","last_modified_t":1587977256,"lc":"es","link":"","main_countries_tags":[],"manufacturing_places":"Burgos,Burgos (provincia),Castilla y León,España","manufacturing_places_tags":["burgos","burgos-provincia","castilla-y-leon","espana"],"max_imgid":"7","minerals_prev_tags":["en:calcium-salts-of-orthophosphoric-acid"],"minerals_tags":[],"misc_tags":["en:nutrition-fruits-vegetables-nuts-estimate-from-ingredients","en:nutrition-all-nutriscore-values-known","en:nutriscore-computed","en:ecoscore-extended-data-not-computed","en:ecoscore-missing-data-warning","en:ecoscore-missing-data-labels","en:ecoscore-missing-data-origins","en:ecoscore-missing-data-packagings","en:ecoscore-missing-data-no-packagings","en:ecoscore-computed"],"new_additives_n":3,"no_nutrition_data":"","nova_group":4,"nova_group_debug":" -- ingredients/en:salt : 3 -- additives/en:e418 : 4","nova_groups":"4","nova_groups_tags":["en:4-ultra-processed-food-and-drink-products"],"nucleotides_prev_tags":[],"nucleotides_tags":[],"nutrient_levels":{"fat":"moderate","salt":"low","saturated-fat":"low","sugars":"moderate"},"nutrient_levels_tags":["en:fat-in-moderate-quantity","en:saturated-fat-in-low-quantity","en:sugars-in-moderate-quantity","en:salt-in-low-quantity"],"nutriments":{"calcium":0.12,"calcium_100g":0.12,"calcium_label":"0","calcium_serving":0.3,"calcium_unit":"mg","calcium_value":120,"carbohydrates":3.7,"carbohydrates_100g":3.7,"carbohydrates_serving":9.25,"carbohydrates_unit":"g","carbohydrates_value":3.7,"energy":180,"energy-kcal":43,"energy-kcal_100g":43,"energy-kcal_serving":108,"energy-kcal_unit":"kcal","energy-kcal_value":43,"energy_100g":180,"energy_serving":450,"energy_unit":"kcal","energy_value":43,"fat":1.7,"fat_100g":1.7,"fat_serving":4.25,"fat_unit":"g","fat_value":1.7,"fiber":0.5,"fiber_100g":0.5,"fiber_serving":1.25,"fiber_unit":"g","fiber_value":0.5,"fruits-vegetables-nuts-estimate-from-ingredients_100g":0,"fruits-vegetables-nuts-estimate-from-ingredients_serving":0,"nova-group":4,"nova-group_100g":4,"nova-group_serving":4,"nutrition-score-fr":-1,"nutrition-score-fr_100g":-1,"proteins":3.1,"proteins_100g":3.1,"proteins_serving":7.75,"proteins_unit":"g","proteins_value":3.1,"salt":0.1,"salt_100g":0.1,"salt_serving":0.25,"salt_unit":"g","salt_value":0.1,"saturated-fat":0.3,"saturated-fat_100g":0.3,"saturated-fat_serving":0.75,"saturated-fat_unit":"g","saturated-fat_value":0.3,"sodium":0.04,"sodium_100g":0.04,"sodium_serving":0.1,"sodium_unit":"g","sodium_value":0.04,"sugars":3,"sugars_100g":3,"sugars_serving":7.5,"sugars_unit":"g","sugars_value":3,"vitamin-a":0.00012,"vitamin-a_100g":0.00012,"vitamin-a_label":"0","vitamin-a_serving":0.0003,"vitamin-a_unit":"µg","vitamin-a_value":120,"vitamin-d":7.5e-07,"vitamin-d_100g":7.5e-07,"vitamin-d_label":"0","vitamin-d_serving":1.88e-06,"vitamin-d_unit":"µg","vitamin-d_value":0.75},"nutriscore_data":{"energy":180,"energy_points":0,"energy_value":180,"fiber":0.5,"fiber_points":0,"fiber_value":0.5,"fruits_vegetables_nuts_colza_walnut_olive_oils":0,"fruits_vegetables_nuts_colza_walnut_olive_oils_points":0,"fruits_vegetables_nuts_colza_walnut_olive_oils_value":0,"grade":"a","is_beverage":0,"is_cheese":0,"is_fat":0,"is_water":0,"negative_points":0,"positive_points":1,"proteins":3.1,"proteins_points":1,"proteins_value":3.1,"saturated_fat":0.3,"saturated_fat_points":0,"saturated_fat_ratio":17.6470588235294,"saturated_fat_ratio_points":2,"saturated_fat_ratio_value":17.6,"saturated_fat_value":0.3,"score":-1,"sodium":40,"sodium_points":0,"sodium_value":40,"sugars":3,"sugars_points":0,"sugars_value":3},"nutriscore_grade":"a","nutriscore_score":-1,"nutriscore_score_opposite":1,"nutrition_data":"on","nutrition_data_per":"100g","nutrition_data_prepared":"","nutrition_data_prepared_per":"100g","nutrition_grade_fr":"a","nutrition_grades":"a","nutrition_grades_tags":["a"],"nutrition_score_beverage":0,"nutrition_score_warning_fruits_vegetables_nuts_estimate_from_ingredients":1,"nutrition_score_warning_fruits_vegetables_nuts_estimate_from_ingredients_value":0,"origins":"","origins_hierarchy":[],"origins_lc":"es","origins_old":"","origins_tags":[],"other_nutritional_substances_tags":[],"packaging":"Tetra Brik","packaging_hierarchy":["es:Tetra Brik"],"packaging_lc":"es","packaging_old":"Tetra Brik","packaging_tags":["es:tetra-brik"],"packagings":[],"photographers_tags":["javichu","kiliweb"],"pnns_groups_1":"Beverages","pnns_groups_1_tags":["beverages","known"],"pnns_groups_2":"Plant-based milk substitutes","pnns_groups_2_tags":["plant-based-milk-substitutes","known"],"popularity_key":20900000009,"popularity_tags":["bottom-25-percent-scans-2019","bottom-20-percent-scans-2019","top-85-percent-scans-2019","top-90-percent-scans-2019","top-50000-es-scans-2019","top-100000-es-scans-2019","top-country-es-scans-2019","top-50000-scans-2020","top-100000-scans-2020","at-least-5-scans-2020","at-least-10-scans-2020","top-75-percent-scans-2020","top-80-percent-scans-2020","top-85-percent-scans-2020","top-90-percent-scans-2020","top-5000-es-scans-2020","top-10000-es-scans-2020","top-50000-es-scans-2020","top-100000-es-scans-2020","top-country-es-scans-2020","at-least-5-es-scans-2020","at-least-10-es-scans-2020","top-5000-pt-scans-2020","top-10000-pt-scans-2020","top-50000-pt-scans-2020","top-100000-pt-scans-2020","top-100000-scans-2021","at-least-5-scans-2021","top-75-percent-scans-2021","top-80-percent-scans-2021","top-85-percent-scans-2021","top-90-percent-scans-2021","top-5000-es-scans-2021","top-10000-es-scans-2021","top-50000-es-scans-2021","top-100000-es-scans-2021","top-country-es-scans-2021","at-least-5-es-scans-2021"],"product_name":"Bebida de soja uht","product_name_es":"Bebida de soja uht","product_name_fr":"","product_quantity":"1000","purchase_places":"Madrid,España","purchase_places_tags":["madrid","espana"],"quantity":"1 l","removed_countries_tags":[],"rev":30,"scans_n":14,"selected_images":{"front":{"display":{"es":"https://images.openfoodfacts.org/images/products/843/601/909/1142/front_es.28.400.jpg","fr":"https://images.openfoodfacts.org/images/products/843/601/909/1142/front_fr.15.400.jpg"},"small":{"es":"https://images.openfoodfacts.org/images/products/843/601/909/1142/front_es.28.200.jpg","fr":"https://images.openfoodfacts.org/images/products/843/601/909/1142/front_fr.15.200.jpg"},"thumb":{"es":"https://images.openfoodfacts.org/images/products/843/601/909/1142/front_es.28.100.jpg","fr":"https://images.openfoodfacts.org/images/products/843/601/909/1142/front_fr.15.100.jpg"}},"ingredients":{"display":{"es":"https://images.openfoodfacts.org/images/products/843/601/909/1142/ingredients_es.18.400.jpg"},"small":{"es":"https://images.openfoodfacts.org/images/products/843/601/909/1142/ingredients_es.18.200.jpg"},"thumb":{"es":"https://images.openfoodfacts.org/images/products/843/601/909/1142/ingredients_es.18.100.jpg"}},"nutrition":{"display":{"es":"https://images.openfoodfacts.org/images/products/843/601/909/1142/nutrition_es.30.400.jpg"},"small":{"es":"https://images.openfoodfacts.org/images/products/843/601/909/1142/nutrition_es.30.200.jpg"},"thumb":{"es":"https://images.openfoodfacts.org/images/products/843/601/909/1142/nutrition_es.30.100.jpg"}}},"serving_quantity":"250","serving_size":"250 ml","sortkey":1587977256,"states":"en:to-be-completed, en:nutrition-facts-completed, en:ingredients-completed, en:expiration-date-completed, en:packaging-code-completed, en:characteristics-to-be-completed, en:origins-to-be-completed, en:categories-completed, en:brands-completed, en:packaging-completed, en:quantity-completed, en:product-name-completed, en:photos-to-be-validated, en:packaging-photo-to-be-selected, en:nutrition-photo-selected, en:ingredients-photo-selected, en:front-photo-selected, en:photos-uploaded","states_hierarchy":["en:to-be-completed","en:nutrition-facts-completed","en:ingredients-completed","en:expiration-date-completed","en:packaging-code-completed","en:characteristics-to-be-completed","en:origins-to-be-completed","en:categories-completed","en:brands-completed","en:packaging-completed","en:quantity-completed","en:product-name-completed","en:photos-to-be-validated","en:packaging-photo-to-be-selected","en:nutrition-photo-selected","en:ingredients-photo-selected","en:front-photo-selected","en:photos-uploaded"],"states_tags":["en:to-be-completed","en:nutrition-facts-completed","en:ingredients-completed","en:expiration-date-completed","en:packaging-code-completed","en:characteristics-to-be-completed","en:origins-to-be-completed","en:categories-completed","en:brands-completed","en:packaging-completed","en:quantity-completed","en:product-name-completed","en:photos-to-be-validated","en:packaging-photo-to-be-selected","en:nutrition-photo-selected","en:ingredients-photo-selected","en:front-photo-selected","en:photos-uploaded"],"stores":"Alcampo,Auchan","stores_tags":["alcampo","auchan"],"traces":"en:nuts","traces_from_ingredients":"","traces_from_user":"(es) en:nuts","traces_hierarchy":["en:nuts"],"traces_lc":"es","traces_tags":["en:nuts"],"unique_scans_n":9,"unknown_ingredients_n":0,"unknown_nutrients_tags":[],"update_key":"ing20220322","vitamins_prev_tags":["en:ergocalciferol"],"vitamins_tags":["en:vitamin-a","en:retinyl-acetate","en:vitamin-d","en:ergocalciferol"]},"status":1,"status_verbose":"product found"}